// Jest Snapshot v1, https://goo.gl/fbAQLP

exports[`renders correctly 1`] = `
<div
  className="App"
>
  <div
    className="Header"
  >
    <a
      href="/profile"
      onClick={[Function]}
    >
      <div
        className="UserLogIn"
      >
        <button>
          <i
            className="glyphicon glyphicon-user"
          />
        </button>
      </div>
    </a>
    <div>
      <div
        className="bm-overlay"
        onClick={[Function]}
        style={
          Object {
            "MozTransform": "translate3d(100%, 0, 0)",
            "MsTransform": "translate3d(100%, 0, 0)",
            "OTransform": "translate3d(100%, 0, 0)",
            "WebkitTransform": "translate3d(100%, 0, 0)",
            "background": "rgba(0, 0, 0, 0.3)",
            "height": "100%",
            "opacity": 0,
            "position": "fixed",
            "transform": "translate3d(100%, 0, 0)",
            "transition": "opacity 0.3s, transform 0s 0.3s",
            "width": "100%",
            "zIndex": 1000,
          }
        }
      />
      <div
        className="bm-menu-wrap"
        id=""
        style={
          Object {
            "MozTransform": "translate3d(100%, 0, 0)",
            "MsTransform": "translate3d(100%, 0, 0)",
            "OTransform": "translate3d(100%, 0, 0)",
            "WebkitTransform": "translate3d(100%, 0, 0)",
            "height": "100%",
            "position": "fixed",
            "right": 0,
            "transform": "translate3d(100%, 0, 0)",
            "transition": "all 0.5s",
            "width": "15%",
            "zIndex": 1100,
          }
        }
      >
        <div
          className="bm-menu"
          style={
            Object {
              "boxSizing": "border-box",
              "height": "100%",
              "overflow": "auto",
            }
          }
        >
          <nav
            className="bm-item-list"
            style={
              Object {
                "height": "100%",
              }
            }
          >
            <a
              aria-current={null}
              className="bm-item menu-item"
              href="/LogIn"
              id="home"
              onClick={[Function]}
              style={
                Object {
                  "display": "block",
                }
              }
              tabIndex={-1}
            >
              LogIn
            </a>
            <a
              aria-current={null}
              className="bm-item menu-item"
              href="/SignUp"
              id="about"
              onClick={[Function]}
              style={
                Object {
                  "display": "block",
                }
              }
              tabIndex={-1}
            >
              Create Account
            </a>
          </nav>
        </div>
        <div
          style={Object {}}
        >
          <div
            className="bm-cross-button"
            style={
              Object {
                "height": 24,
                "position": "absolute",
                "right": 8,
                "top": 8,
                "width": 24,
              }
            }
          >
            <span
              style={
                Object {
                  "position": "absolute",
                  "right": "14px",
                  "top": "6px",
                }
              }
            >
              <span
                className="bm-cross"
                style={
                  Object {
                    "height": 14,
                    "position": "absolute",
                    "transform": "rotate(45deg)",
                    "width": 3,
                  }
                }
              />
              <span
                className="bm-cross"
                style={
                  Object {
                    "height": 14,
                    "position": "absolute",
                    "transform": "rotate(-45deg)",
                    "width": 3,
                  }
                }
              />
            </span>
            <button
              onClick={[Function]}
              style={
                Object {
                  "background": "transparent",
                  "border": "none",
                  "cursor": "pointer",
                  "fontSize": 0,
                  "height": "100%",
                  "left": 0,
                  "margin": 0,
                  "padding": 0,
                  "position": "absolute",
                  "top": 0,
                  "width": "100%",
                }
              }
              tabIndex={-1}
            >
              Close Menu
            </button>
          </div>
        </div>
      </div>
      <div
        style={Object {}}
      >
        <div
          className="bm-burger-button"
          style={
            Object {
              "zIndex": 1000,
            }
          }
        >
          <span>
            <span
              className="bm-burger-bars"
              style={
                Object {
                  "height": "20%",
                  "left": 0,
                  "opacity": 1,
                  "position": "absolute",
                  "right": 0,
                  "top": "0%",
                }
              }
            />
            <span
              className="bm-burger-bars"
              style={
                Object {
                  "height": "20%",
                  "left": 0,
                  "opacity": 1,
                  "position": "absolute",
                  "right": 0,
                  "top": "40%",
                }
              }
            />
            <span
              className="bm-burger-bars"
              style={
                Object {
                  "height": "20%",
                  "left": 0,
                  "opacity": 1,
                  "position": "absolute",
                  "right": 0,
                  "top": "80%",
                }
              }
            />
          </span>
          <button
            onClick={[Function]}
            onMouseOut={[Function]}
            onMouseOver={[Function]}
            style={
              Object {
                "background": "transparent",
                "border": "none",
                "cursor": "pointer",
                "fontSize": 0,
                "height": "100%",
                "left": 0,
                "margin": 0,
                "padding": 0,
                "position": "absolute",
                "top": 0,
                "width": "100%",
              }
            }
          >
            Open Menu
          </button>
        </div>
      </div>
    </div>
  </div>
  <div
    className="LandingPage"
  >
    <div
      className="HomeImagesCenter"
    >
      <img
        alt="MytineraryLogo"
        className="logo"
        src="logo.png"
      />
    </div>
    <div>
      <h3
        className="homePagetxt"
      >
        Find you perfect trip, designed by insiders who know and love their cities
      </h3>
      <h3
        className="homePagetxt"
      >
        Start by Browsing
      </h3>
      <a
        aria-current={null}
        href="/AllCities"
        onClick={[Function]}
      >
        <div
          className="HomeImagesCenter"
        >
          <img
            alt="arrowLogo"
            className="arrow"
            src="arrow.png"
          />
        </div>
      </a>
      <h3
        className="homePagetxt"
      >
         Want to build your own Mytinerary?
      </h3>
    </div>
  </div>
  <div
    className="Footer"
  >
    <div
      className="Home"
    >
      <a
        aria-current="page"
        className="active"
        href="/"
        onClick={[Function]}
        style={Object {}}
      >
        <span
          className="glyphicon glyphicon-home "
        />
      </a>
    </div>
  </div>
  <div>
    hi
  </div>
</div>
`;
